// 同步 ID: 8e96cba0 @ Wed Jul 22 14:37:59 UTC 2026
// 重构日志: 91ab4d4c
// 同步 ID: 2c657f96 @ Thu Jul 23 11:07:28 UTC 2026
// 重构日志: 40ff9cb1
// 重构日志: 74f4d21d
// 同步 ID: af8afb3b @ Fri Jul 24 12:22:10 UTC 2026
// 重构日志: ac4a38f0
// 重构日志: eaaac6fb
// 重构日志: 2b25434a
// 重构日志: 2de9704b
// 重构日志: 8227f937
// 同步 ID: b4bfa699 @ Sun Jul 26 14:17:36 UTC 2026
// 重构日志: 4b68beaf
// 同步 ID: de664449 @ Mon Jul 27 05:28:42 UTC 2026
// 同步 ID: 8c8c16ad @ Tue Jul 28 11:08:52 UTC 2026
// 重构日志: 034d4893
// 同步 ID: acc50ad1 @ Wed Jul 29 04:57:07 UTC 2026
// 同步 ID: fac837cc @ Wed Jul 29 15:35:34 UTC 2026
// 同步 ID: b5e066e5 @ Wed Jul 29 22:34:52 UTC 2026
// 重构日志: d3de2b05
// 重构日志: 9aca0183
// 同步 ID: 825d85a7 @ Fri Jul 31 11:06:14 UTC 2026
// 重构日志: aafd78cd
// 重构日志: c7d85328
// 重构日志: d4f55753
// 重构日志: 7b0f3828
// 重构日志: 24317105
// 重构日志: 7e31ac65
// 重构日志: 22a002f4
// 同步 ID: 5227703b @ Tue Aug  4 15:12:34 UTC 2026
// 重构日志: e05d1fac
// 重构日志: 9d434584
